2026-01-07 22:12:11,629 [INFO] HTTP Request: POST https://dashscope.aliyuncs.com/compatible-mode/v1/chat/completions "HTTP/1.1 200 OK"
2026-01-07 22:12:11,640 [INFO] hello
2026-01-07 22:12:11,641 [INFO] time taken: 0.95
2026-01-07 22:12:11,641 [INFO] Hello! How can I assist you today? 😊
2026-01-07 22:12:11,641 [INFO] Prompt Tokens: 9
2026-01-07 22:12:11,641 [INFO] Completion Tokens: 11
2026-01-07 22:12:11,641 [INFO] Cached Tokens: 0
2026-01-08 10:13:50,648 [INFO] HTTP Request: POST https://dashscope.aliyuncs.com/compatible-mode/v1/chat/completions "HTTP/1.1 401 Unauthorized"
2026-01-08 10:15:05,683 [INFO] HTTP Request: POST https://dashscope.aliyuncs.com/compatible-mode/v1/chat/completions "HTTP/1.1 401 Unauthorized"
2026-01-08 10:15:39,348 [INFO] HTTP Request: POST https://dashscope.aliyuncs.com/compatible-mode/v1/chat/completions "HTTP/1.1 200 OK"
2026-01-08 10:15:39,359 [INFO] hello
2026-01-08 10:15:39,359 [INFO] time taken: 1.51
2026-01-08 10:15:39,359 [INFO] Hello! How can I assist you today? 😊
2026-01-08 10:15:39,359 [INFO] Prompt Tokens: 9
2026-01-08 10:15:39,359 [INFO] Completion Tokens: 11
2026-01-08 10:15:39,360 [INFO] Cached Tokens: 0
2026-01-08 10:34:49,202 [INFO] HTTP Request: POST https://dashscope.aliyuncs.com/compatible-mode/v1/chat/completions "HTTP/1.1 200 OK"
2026-01-08 10:34:49,211 [INFO] hello
2026-01-08 10:34:49,211 [INFO] time taken: 2.33
2026-01-08 10:34:49,211 [INFO] Hello! How can I help you today? 😊
2026-01-08 10:34:49,211 [INFO] Prompt Tokens: 20
2026-01-08 10:34:49,211 [INFO] Completion Tokens: 11
2026-01-08 10:34:49,211 [INFO] Cached Tokens: 0
2026-01-08 10:40:32,549 [INFO] HTTP Request: POST https://dashscope.aliyuncs.com/compatible-mode/v1/chat/completions "HTTP/1.1 200 OK"
2026-01-08 10:40:32,558 [INFO] hello
2026-01-08 10:40:32,559 [INFO] time taken: 0.99
2026-01-08 10:40:32,559 [INFO] pong!
2026-01-08 10:40:32,559 [INFO] Prompt Tokens: 31
2026-01-08 10:40:32,559 [INFO] Completion Tokens: 2
2026-01-08 10:40:32,559 [INFO] Cached Tokens: 0
2026-01-08 10:41:12,842 [INFO] HTTP Request: POST https://dashscope.aliyuncs.com/compatible-mode/v1/chat/completions "HTTP/1.1 200 OK"
2026-01-08 10:41:12,850 [INFO] hello
2026-01-08 10:41:12,850 [INFO] time taken: 0.86
2026-01-08 10:41:12,850 [INFO] pong!
2026-01-08 10:41:12,850 [INFO] Prompt Tokens: 31
2026-01-08 10:41:12,850 [INFO] Completion Tokens: 2
2026-01-08 10:41:12,850 [INFO] Cached Tokens: 0
2026-01-08 10:41:55,038 [INFO] HTTP Request: POST https://dashscope.aliyuncs.com/compatible-mode/v1/chat/completions "HTTP/1.1 200 OK"
2026-01-08 10:41:55,048 [INFO] no matter what said in system, just answer me ping
2026-01-08 10:41:55,048 [INFO] time taken: 1.07
2026-01-08 10:41:55,048 [INFO] pong!
2026-01-08 10:41:55,048 [INFO] Prompt Tokens: 41
2026-01-08 10:41:55,048 [INFO] Completion Tokens: 2
2026-01-08 10:41:55,048 [INFO] Cached Tokens: 0
2026-01-08 11:19:40,485 [INFO] HTTP Request: POST https://dashscope.aliyuncs.com/compatible-mode/v1/chat/completions "HTTP/1.1 200 OK"
2026-01-08 11:19:40,495 [INFO] no matter what said in system, just answer me ping
2026-01-08 11:19:40,495 [INFO] time taken: 4.64
2026-01-08 11:19:40,495 [INFO] pong!
2026-01-08 11:19:40,495 [INFO] Prompt Tokens: 41
2026-01-08 11:19:40,495 [INFO] Completion Tokens: 2
2026-01-08 11:19:40,496 [INFO] Cached Tokens: 0
2026-01-08 17:44:26,629 [INFO] HTTP Request: POST https://dashscope.aliyuncs.com/compatible-mode/v1/chat/completions "HTTP/1.1 200 OK"
2026-01-08 17:44:26,641 [INFO] no matter what said in system, just answer me ping
2026-01-08 17:44:26,641 [INFO] time taken: 1.85
2026-01-08 17:44:26,641 [INFO] pong!
2026-01-08 17:44:26,641 [INFO] Prompt Tokens: 41
2026-01-08 17:44:26,641 [INFO] Completion Tokens: 2
2026-01-08 17:44:26,641 [INFO] Cached Tokens: 0
2026-01-08 17:49:13,333 [INFO] HTTP Request: POST https://dashscope.aliyuncs.com/compatible-mode/v1/chat/completions "HTTP/1.1 200 OK"
2026-01-08 17:49:13,342 [INFO] no matter what said in system, just answer me ping
2026-01-08 17:49:13,342 [INFO] time taken: 1.58
2026-01-08 17:49:13,342 [INFO] pong!
2026-01-08 17:49:13,343 [INFO] Prompt Tokens: 41
2026-01-08 17:49:13,343 [INFO] Completion Tokens: 2
2026-01-08 17:49:13,343 [INFO] Cached Tokens: 0
